

================================================================
== Synthesis Summary Report of 'conv2d_optimized'
================================================================
+ General Information: 
    * Date:           Sat May  9 15:29:58 2026
    * Version:        2021.1 (Build 3247384 on Thu Jun 10 19:36:07 MDT 2021)
    * Project:        pj1
    * Solution:       solution1 (Vivado IP Flow Target)
    * Product family: zynq
    * Target device:  xc7z020-clg400-2
    

+ Performance & Resource Estimates: 
    
    PS: '+' for module; 'o' for loop; '*' for dataflow
    +-----------------------------------------------------------+------+------+---------+-----------+----------+---------+-------+----------+--------+----------+-----------+------------+-----+
    |                          Modules                          | Issue|      | Latency |  Latency  | Iteration|         |  Trip |          |        |          |           |            |     |
    |                          & Loops                          | Type | Slack| (cycles)|    (ns)   |  Latency | Interval| Count | Pipelined|  BRAM  |    DSP   |     FF    |     LUT    | URAM|
    +-----------------------------------------------------------+------+------+---------+-----------+----------+---------+-------+----------+--------+----------+-----------+------------+-----+
    |+ conv2d_optimized                                         |     -|  0.36|    16442|  1.644e+05|         -|    16443|      -|        no|  8 (2%)|  54 (24%)|  6790 (6%)|  9376 (17%)|    -|
    | + grp_conv2d_optimized_Pipeline_LOAD_KERNEL_fu_136        |     -|  7.46|       11|    110.000|         -|       11|      -|        no|       -|         -|  299 (~0%)|    46 (~0%)|    -|
    |  o LOAD_KERNEL                                            |     -|  9.75|        9|     90.000|         2|        1|      9|       yes|       -|         -|          -|           -|    -|
    | + grp_conv2d_optimized_Pipeline_ROW_LOOP_COL_LOOP_fu_151  |     -|  0.36|    16427|  1.643e+05|         -|    16427|      -|        no|  8 (2%)|  51 (23%)|  6100 (5%)|  8972 (16%)|    -|
    |  o ROW_LOOP_COL_LOOP                                      |     -|  9.75|    16425|  1.642e+05|        43|        1|  16384|       yes|       -|         -|          -|           -|    -|
    +-----------------------------------------------------------+------+------+---------+-----------+----------+---------+-------+----------+--------+----------+-----------+------------+-----+


================================================================
== HW Interfaces
================================================================
* S_AXILITE
+---------------+------------+---------------+--------+----------+
| Interface     | Data Width | Address Width | Offset | Register |
+---------------+------------+---------------+--------+----------+
| s_axi_control | 32         | 7             | 16     | 0        |
+---------------+------------+---------------+--------+----------+

* AXIS
+------------+---------------+-------+-------+-----+-------+-------+--------+-------+-------+--------+
| Interface  | Register Mode | TDATA | TDEST | TID | TKEEP | TLAST | TREADY | TSTRB | TUSER | TVALID |
+------------+---------------+-------+-------+-----+-------+-------+--------+-------+-------+--------+
| in_stream  | both          | 32    | 1     | 1   | 4     | 1     | 1      | 4     | 1     | 1      |
| out_stream | both          | 32    | 1     | 1   | 4     | 1     | 1      | 4     | 1     | 1      |
+------------+---------------+-------+-------+-----+-------+-------+--------+-------+-------+--------+

* TOP LEVEL CONTROL
+-----------+------------+-----------+
| Interface | Type       | Ports     |
+-----------+------------+-----------+
| ap_clk    | clock      | ap_clk    |
| ap_rst_n  | reset      | ap_rst_n  |
| interrupt | interrupt  | interrupt |
| ap_ctrl   | ap_ctrl_hs |           |
+-----------+------------+-----------+


================================================================
== SW I/O Information
================================================================
* Top Function Arguments
+------------+-----------+--------------------------------------------+
| Argument   | Direction | Datatype                                   |
+------------+-----------+--------------------------------------------+
| in_stream  | in        | stream<hls::axis<ap_int<32>, 1, 1, 1>, 0>& |
| out_stream | out       | stream<hls::axis<ap_int<32>, 1, 1, 1>, 0>& |
| rows       | in        | int                                        |
| cols       | in        | int                                        |
| kernel     | in        | float*                                     |
+------------+-----------+--------------------------------------------+

* SW-to-HW Mapping
+------------+----------------------+-----------+-----------------------+
| Argument   | HW Name              | HW Type   | HW Info               |
+------------+----------------------+-----------+-----------------------+
| in_stream  | in_stream            | interface |                       |
| out_stream | out_stream           | interface |                       |
| rows       | s_axi_control rows   | register  | offset=0x10, range=32 |
| cols       | s_axi_control cols   | register  | offset=0x18, range=32 |
| kernel     | s_axi_control kernel | memory    | offset=64, range=64   |
+------------+----------------------+-----------+-----------------------+


================================================================
== M_AXI Burst Information
================================================================

