

================================================================
== Vitis HLS Report for 'conv2d_optimized_Pipeline_LOAD_KERNEL'
================================================================
* Date:           Tue Jun 30 13:12:57 2026

* Version:        2025.2 (Build 6295257 on Nov 14 2025)
* Project:        conv2d_optimized
* Solution:       hls (Vivado IP Flow Target)
* Product family: artix7
* Target device:  xc7a25t-cpg238-1


================================================================
== Performance Estimates
================================================================
+ Timing: 
    * Summary: 
    +--------+----------+----------+------------+
    |  Clock |  Target  | Estimated| Uncertainty|
    +--------+----------+----------+------------+
    |ap_clk  |  10.00 ns|  4.997 ns|     0.50 ns|
    +--------+----------+----------+------------+

+ Latency: 
    * Summary: 
    +---------+---------+----------+----------+-----+-----+-------------------+
    |  Latency (cycles) |  Latency (absolute) |  Interval |      Pipeline     |
    |   min   |   max   |    min   |    max   | min | max |        Type       |
    +---------+---------+----------+----------+-----+-----+-------------------+
    |       11|       11|  0.110 us|  0.110 us|    0|    0|  loop pipeline stp|
    +---------+---------+----------+----------+-----+-----+-------------------+

    + Detail: 
        * Instance: 
        N/A

        * Loop: 
        +---------------+---------+---------+----------+-----------+-----------+------+----------+
        |               |  Latency (cycles) | Iteration|  Initiation Interval  | Trip |          |
        |   Loop Name   |   min   |   max   |  Latency |  achieved |   target  | Count| Pipelined|
        +---------------+---------+---------+----------+-----------+-----------+------+----------+
        |- LOAD_KERNEL  |        9|        9|         2|          1|          1|     9|       yes|
        +---------------+---------+---------+----------+-----------+-----------+------+----------+



================================================================
== Utilization Estimates
================================================================
* Summary: 
+-----------------+---------+----+-------+-------+-----+
|       Name      | BRAM_18K| DSP|   FF  |  LUT  | URAM|
+-----------------+---------+----+-------+-------+-----+
|DSP              |        -|   -|      -|      -|    -|
|Expression       |        -|   -|      0|     28|    -|
|FIFO             |        -|   -|      -|      -|    -|
|Instance         |        -|   -|      -|      -|    -|
|Memory           |        -|   -|      -|      -|    -|
|Multiplexer      |        -|   -|      0|     36|    -|
|Register         |        -|   -|    155|      -|    -|
+-----------------+---------+----+-------+-------+-----+
|Total            |        0|   0|    155|     64|    0|
+-----------------+---------+----+-------+-------+-----+
|Available        |       90|  80|  29200|  14600|    0|
+-----------------+---------+----+-------+-------+-----+
|Utilization (%)  |        0|   0|     ~0|     ~0|    0|
+-----------------+---------+----+-------+-------+-----+

+ Detail: 
    * Instance: 
    N/A

    * DSP: 
    N/A

    * Memory: 
    N/A

    * FIFO: 
    N/A

    * Expression: 
    +---------------------+----------+----+---+----+------------+------------+
    |    Variable Name    | Operation| DSP| FF| LUT| Bitwidth P0| Bitwidth P1|
    +---------------------+----------+----+---+----+------------+------------+
    |add_ln86_fu_204_p2   |         +|   0|  0|  13|           4|           1|
    |icmp_ln86_fu_198_p2  |      icmp|   0|  0|  13|           4|           4|
    |ap_enable_pp0        |       xor|   0|  0|   2|           1|           2|
    +---------------------+----------+----+---+----+------------+------------+
    |Total                |          |   0|  0|  28|           9|           7|
    +---------------------+----------+----+---+----+------------+------------+

    * Multiplexer: 
    +-------------------------+----+-----------+-----+-----------+
    |           Name          | LUT| Input Size| Bits| Total Bits|
    +-------------------------+----+-----------+-----+-----------+
    |ap_done_int              |   9|          2|    1|          2|
    |ap_enable_reg_pp0_iter1  |   9|          2|    1|          2|
    |ap_sig_allocacmp_i_1     |   9|          2|    4|          8|
    |i_fu_74                  |   9|          2|    4|          8|
    +-------------------------+----+-----------+-----+-----------+
    |Total                    |  36|          8|   10|         20|
    +-------------------------+----+-----------+-----+-----------+

    * Register: 
    +-------------------------+----+----+-----+-----------+
    |           Name          | FF | LUT| Bits| Const Bits|
    +-------------------------+----+----+-----+-----------+
    |ap_CS_fsm                |   1|   0|    1|          0|
    |ap_done_reg              |   1|   0|    1|          0|
    |ap_enable_reg_pp0_iter1  |   1|   0|    1|          0|
    |empty_22_fu_82           |  16|   0|   16|          0|
    |empty_23_fu_86           |  16|   0|   16|          0|
    |empty_24_fu_90           |  16|   0|   16|          0|
    |empty_25_fu_94           |  16|   0|   16|          0|
    |empty_26_fu_98           |  16|   0|   16|          0|
    |empty_27_fu_102          |  16|   0|   16|          0|
    |empty_28_fu_106          |  16|   0|   16|          0|
    |empty_29_fu_110          |  16|   0|   16|          0|
    |empty_fu_78              |  16|   0|   16|          0|
    |i_1_reg_382              |   4|   0|    4|          0|
    |i_fu_74                  |   4|   0|    4|          0|
    +-------------------------+----+----+-----+-----------+
    |Total                    | 155|   0|  155|          0|
    +-------------------------+----+----+-----+-----------+



================================================================
== Interface
================================================================
* Summary: 
+-----------------+-----+-----+------------+---------------------------------------+--------------+
|    RTL Ports    | Dir | Bits|  Protocol  |             Source Object             |    C Type    |
+-----------------+-----+-----+------------+---------------------------------------+--------------+
|ap_clk           |   in|    1|  ap_ctrl_hs|  conv2d_optimized_Pipeline_LOAD_KERNEL|  return value|
|ap_rst           |   in|    1|  ap_ctrl_hs|  conv2d_optimized_Pipeline_LOAD_KERNEL|  return value|
|ap_start         |   in|    1|  ap_ctrl_hs|  conv2d_optimized_Pipeline_LOAD_KERNEL|  return value|
|ap_done          |  out|    1|  ap_ctrl_hs|  conv2d_optimized_Pipeline_LOAD_KERNEL|  return value|
|ap_idle          |  out|    1|  ap_ctrl_hs|  conv2d_optimized_Pipeline_LOAD_KERNEL|  return value|
|ap_ready         |  out|    1|  ap_ctrl_hs|  conv2d_optimized_Pipeline_LOAD_KERNEL|  return value|
|kernel_address0  |  out|    4|   ap_memory|                                 kernel|         array|
|kernel_ce0       |  out|    1|   ap_memory|                                 kernel|         array|
|kernel_q0        |   in|   16|   ap_memory|                                 kernel|         array|
|p_out            |  out|   16|      ap_vld|                                  p_out|       pointer|
|p_out_ap_vld     |  out|    1|      ap_vld|                                  p_out|       pointer|
|p_out1           |  out|   16|      ap_vld|                                 p_out1|       pointer|
|p_out1_ap_vld    |  out|    1|      ap_vld|                                 p_out1|       pointer|
|p_out2           |  out|   16|      ap_vld|                                 p_out2|       pointer|
|p_out2_ap_vld    |  out|    1|      ap_vld|                                 p_out2|       pointer|
|p_out3           |  out|   16|      ap_vld|                                 p_out3|       pointer|
|p_out3_ap_vld    |  out|    1|      ap_vld|                                 p_out3|       pointer|
|p_out4           |  out|   16|      ap_vld|                                 p_out4|       pointer|
|p_out4_ap_vld    |  out|    1|      ap_vld|                                 p_out4|       pointer|
|p_out5           |  out|   16|      ap_vld|                                 p_out5|       pointer|
|p_out5_ap_vld    |  out|    1|      ap_vld|                                 p_out5|       pointer|
|p_out6           |  out|   16|      ap_vld|                                 p_out6|       pointer|
|p_out6_ap_vld    |  out|    1|      ap_vld|                                 p_out6|       pointer|
|p_out7           |  out|   16|      ap_vld|                                 p_out7|       pointer|
|p_out7_ap_vld    |  out|    1|      ap_vld|                                 p_out7|       pointer|
|p_out8           |  out|   16|      ap_vld|                                 p_out8|       pointer|
|p_out8_ap_vld    |  out|    1|      ap_vld|                                 p_out8|       pointer|
+-----------------+-----+-----+------------+---------------------------------------+--------------+

