================================================================
== Design Size Report
================================================================

* Total Instructions per Compilation Phase
+---------------+----------------------------+--------------+----------------------------------------------------------------------------------------+
| Phase         | Step                       | Instructions | Description                                                                            |
+---------------+----------------------------+--------------+----------------------------------------------------------------------------------------+
| Compile/Link  |                            | 716          | After all functions are compiled and linked into a single design                       |
|               |                            |              |                                                                                        |
| Unroll/Inline |                            |              | After user unroll and inline pragmas are applied                                       |
|               | (1) unroll                 | 354          | user unroll pragmas are applied                                                        |
|               | (2) simplification         | 284          | simplification of applied user unroll pragmas                                          |
|               | (3) inline                 | 296          | user inline pragmas are applied                                                        |
|               | (4) simplification         | 252          | simplification of applied user inline pragmas                                          |
|               |                            |              |                                                                                        |
| Array/Struct  |                            |              | After user array partition and struct aggregate/disaggregate pragmas are applied       |
|               | (1) array partition        | 232          | user array partition pragmas are applied                                               |
|               | (2) simplification         | 220          | simplification of applied user array partition & struct aggregate/disaggregate pragmas |
|               | (3) aggregate/disaggregate | 220          | user struct aggregate/disaggregate pragmas are applied                                 |
|               | (4) array reshape          | 220          | apply array reshape pragmas                                                            |
|               | (5) access patterns        | 314          | array access pattern optmizations                                                      |
|               |                            |              |                                                                                        |
| Performance   |                            |              | After transformations are applied to meet performance pragma targets                   |
|               | (1) loop simplification    | 313          | loop and instruction simplification                                                    |
|               | (2) parallelization        | 262          | loops are unrolled or pipelined to meet performance targets                            |
|               | (3) array partition        | 223          | arrays are partitioned to meet performance targets                                     |
|               | (4) simplification         | 223          | simplification of design after performance transformations                             |
|               |                            |              |                                                                                        |
| HW Transforms |                            |              | After hardware transfomations                                                          |
|               | (1) lowering               | 213          | initial conversion to HW specific instructions                                         |
|               | (2) optimizations          | 171          | high level synthesis optimizations                                                     |
+---------------+----------------------------+--------------+----------------------------------------------------------------------------------------+

* Instructions per Function for each Compilation Phase
+--------------------+---------------------+--------------+---------------+--------------+-------------+---------------+
| Function           | Location            | Compile/Link | Unroll/Inline | Array/Struct | Performance | HW Transforms |
+--------------------+---------------------+--------------+---------------+--------------+-------------+---------------+
| + conv2d_optimized | 2DCONVstream.cpp:52 | 716          | 252           | 314          | 223         | 171           |
|    unpack          | 2DCONVstream.cpp:16 |  18          |               |              |             |               |
|    pack            | 2DCONVstream.cpp:28 |  26          |               |              |             |               |
+--------------------+---------------------+--------------+---------------+--------------+-------------+---------------+

* Design Size Message Settings
+---------------------------------------------+--------+------------------------------------------------------------------+
| Message Setting                             | Value  | Description                                                      |
+---------------------------------------------+--------+------------------------------------------------------------------+
| config_compile -design_size_maximum_warning | 100000 | Show a warning when total design instructions exceeds this value |
+---------------------------------------------+--------+------------------------------------------------------------------+


