

================================================================
== Synthesis Summary Report of 'conv2d_optimized'
================================================================
+ General Information: 
    * Date:           Sat May  9 15:20:44 2026
    * Version:        2021.1 (Build 3247384 on Thu Jun 10 19:36:07 MDT 2021)
    * Project:        pj1
    * Solution:       solution1 (Vivado IP Flow Target)
    * Product family: zynq
    * Target device:  xc7z020-clg400-2
    

+ Performance & Resource Estimates: 
    
    PS: '+' for module; 'o' for loop; '*' for dataflow
    +-----------------------------------------------------+------+------+---------+-----------+----------+---------+------+----------+--------+--------+-----------+-----------+-----+
    |                       Modules                       | Issue|      | Latency |  Latency  | Iteration|         | Trip |          |        |        |           |           |     |
    |                       & Loops                       | Type | Slack| (cycles)|    (ns)   |  Latency | Interval| Count| Pipelined|  BRAM  |   DSP  |     FF    |    LUT    | URAM|
    +-----------------------------------------------------+------+------+---------+-----------+----------+---------+------+----------+--------+--------+-----------+-----------+-----+
    |+ conv2d_optimized                                   |     -|  2.65|    18575|  1.858e+05|         -|    18576|     -|        no|  4 (1%)|  9 (4%)|  2038 (1%)|  1226 (2%)|    -|
    | + grp_conv2d_optimized_Pipeline_LOAD_KERNEL_fu_202  |     -|  7.46|       11|    110.000|         -|       11|     -|        no|       -|       -|  155 (~0%)|   46 (~0%)|    -|
    |  o LOAD_KERNEL                                      |     -|  9.75|        9|     90.000|         2|        1|     9|       yes|       -|       -|          -|          -|    -|
    | + grp_conv2d_optimized_Pipeline_COL_LOOP_fu_217     |     -|  4.21|      142|  1.420e+03|         -|      142|     -|        no|  4 (1%)|  9 (4%)|  1394 (1%)|   737 (1%)|    -|
    |  o COL_LOOP                                         |     -|  9.75|      140|  1.400e+03|        13|        1|   128|       yes|       -|       -|          -|          -|    -|
    | o ROW_LOOP                                          |     -|  9.75|    18560|  1.856e+05|       145|        -|   128|        no|       -|       -|          -|          -|    -|
    +-----------------------------------------------------+------+------+---------+-----------+----------+---------+------+----------+--------+--------+-----------+-----------+-----+


================================================================
== HW Interfaces
================================================================
* S_AXILITE
+---------------+------------+---------------+--------+----------+
| Interface     | Data Width | Address Width | Offset | Register |
+---------------+------------+---------------+--------+----------+
| s_axi_control | 32         | 6             | 16     | 0        |
+---------------+------------+---------------+--------+----------+

* AXIS
+------------+---------------+-------+-------+-----+-------+-------+--------+-------+-------+--------+
| Interface  | Register Mode | TDATA | TDEST | TID | TKEEP | TLAST | TREADY | TSTRB | TUSER | TVALID |
+------------+---------------+-------+-------+-----+-------+-------+--------+-------+-------+--------+
| in_stream  | both          | 32    | 1     | 1   | 4     | 1     | 1      | 4     | 1     | 1      |
| out_stream | both          | 32    | 1     | 1   | 4     | 1     | 1      | 4     | 1     | 1      |
+------------+---------------+-------+-------+-----+-------+-------+--------+-------+-------+--------+

* TOP LEVEL CONTROL
+-----------+------------+-----------+
| Interface | Type       | Ports     |
+-----------+------------+-----------+
| ap_clk    | clock      | ap_clk    |
| ap_rst_n  | reset      | ap_rst_n  |
| interrupt | interrupt  | interrupt |
| ap_ctrl   | ap_ctrl_hs |           |
+-----------+------------+-----------+


================================================================
== SW I/O Information
================================================================
* Top Function Arguments
+------------+-----------+--------------------------------------------+
| Argument   | Direction | Datatype                                   |
+------------+-----------+--------------------------------------------+
| in_stream  | in        | stream<hls::axis<ap_int<32>, 1, 1, 1>, 0>& |
| out_stream | out       | stream<hls::axis<ap_int<32>, 1, 1, 1>, 0>& |
| rows       | in        | int                                        |
| cols       | in        | int                                        |
| kernel     | in        | ap_fixed<16, 8, AP_TRN, AP_WRAP, 0>*       |
+------------+-----------+--------------------------------------------+

* SW-to-HW Mapping
+------------+----------------------+-----------+-----------------------+
| Argument   | HW Name              | HW Type   | HW Info               |
+------------+----------------------+-----------+-----------------------+
| in_stream  | in_stream            | interface |                       |
| out_stream | out_stream           | interface |                       |
| rows       | s_axi_control rows   | register  | offset=0x10, range=32 |
| cols       | s_axi_control cols   | register  | offset=0x18, range=32 |
| kernel     | s_axi_control kernel | memory    | offset=32, range=32   |
+------------+----------------------+-----------+-----------------------+


================================================================
== M_AXI Burst Information
================================================================

