

================================================================
== Synthesis Summary Report of 'fir_filter_sample'
================================================================
+ General Information: 
    * Date:           Sat Mar 14 12:48:06 2026
    * Version:        2025.2 (Build 6295257 on Nov 14 2025)
    * Project:        fir_filter_sample
    * Solution:       hls (Vivado IP Flow Target)
    * Product family: zynq
    * Target device:  xc7z020-clg400-2
    

* Performance & Resource Estimates: 
+-----------------------------------------------+------+-------------------+----------+---------+------+----------+---------+-----------+------+---------+--------+-----------+-----------+-----+
|                    Modules                    | Issue|                   | Iteration|         | Trip |          |       Latency       |      |         |        |           |           |     |
|                    & Loops                    | Type |   Violation Type  |  Latency | Interval| Count| Pipelined| (cycles)|    (ns)   | Slack|  BRAM   |   DSP  |     FF    |    LUT    | URAM|
+-----------------------------------------------+------+-------------------+----------+---------+------+----------+---------+-----------+------+---------+--------+-----------+-----------+-----+
|+ fir_filter_sample                            |     -|                  -|         -|      319|     -|        no|      318|  3.180e+03|  0.91|   3 (1%)|  5 (2%)|  621 (~0%)|  1054 (1%)|    -|
| + fir_filter_sample_Pipeline_VITIS_LOOP_16_1  |     -|                  -|         -|        -|     -|       yes|       52|    520.000|  3.96|        -|       -|   15 (~0%)|   50 (~0%)|    -|
|  o VITIS_LOOP_16_1                            |     -|                  -|         2|        1|    50|       yes|       50|    500.000|  9.50|        -|       -|          -|          -|    -|
| + fir_filter_sample_Pipeline_VITIS_LOOP_21_2  |     -|                  -|         -|        -|     -|       yes|      261|  2.610e+03|  0.91|  1 (~0%)|  5 (2%)|  530 (~0%)|   817 (1%)|    -|
|  o VITIS_LOOP_21_2                            |    II|  Memory Dependency|        10|        5|    51|       yes|      259|  2.590e+03|  9.50|        -|       -|          -|          -|    -|
+-----------------------------------------------+------+-------------------+----------+---------+------+----------+---------+-----------+------+---------+--------+-----------+-----------+-----+
    II Violation Information: docs.amd.com/access/sources/dita/topic?Doc_Version=2025.2%20English&url=ug1448-hls-guidance&resourceid=200-880.html
    Name Prefix: '+' for module, 'o' for loop, '*' for dataflow


================================================================
== HW Interfaces
================================================================
* S_AXILITE Interfaces
+---------------+------------+---------------+
| Interface     | Data Width | Address Width |
+---------------+------------+---------------+
| s_axi_control | 32         | 5             |
+---------------+------------+---------------+

* S_AXILITE Registers
+---------------+-----------+--------+-------+--------+----------------------------------+----------------------------------------------------------------------+
| Interface     | Register  | Offset | Width | Access | Description                      | Bit Fields                                                           |
+---------------+-----------+--------+-------+--------+----------------------------------+----------------------------------------------------------------------+
| s_axi_control | CTRL      | 0x00   | 32    | RW     | Control signals                  | 0=AP_START 1=AP_DONE 2=AP_IDLE 3=AP_READY 7=AUTO_RESTART 9=INTERRUPT |
| s_axi_control | GIER      | 0x04   | 32    | RW     | Global Interrupt Enable Register | 0=Enable                                                             |
| s_axi_control | IP_IER    | 0x08   | 32    | RW     | IP Interrupt Enable Register     | 0=CHAN0_INT_EN 1=CHAN1_INT_EN                                        |
| s_axi_control | IP_ISR    | 0x0c   | 32    | RW     | IP Interrupt Status Register     | 0=CHAN0_INT_ST 1=CHAN1_INT_ST                                        |
| s_axi_control | ap_return | 0x10   | 32    | R      | Data signal of ap_return         |                                                                      |
+---------------+-----------+--------+-------+--------+----------------------------------+----------------------------------------------------------------------+

* Other Ports
+------+---------+-----------+----------+
| Port | Mode    | Direction | Bitwidth |
+------+---------+-----------+----------+
| x_in | ap_none | in        | 32       |
+------+---------+-----------+----------+

* TOP LEVEL CONTROL
+-----------+------------+-----------+
| Interface | Type       | Ports     |
+-----------+------------+-----------+
| ap_clk    | clock      | ap_clk    |
| ap_rst_n  | reset      | ap_rst_n  |
| interrupt | interrupt  | interrupt |
| ap_ctrl   | ap_ctrl_hs |           |
+-----------+------------+-----------+


================================================================
== SW I/O Information
================================================================
* Top Function Arguments
+----------+-----------+----------+
| Argument | Direction | Datatype |
+----------+-----------+----------+
| x_in     | in        | float    |
| return   | out       | float    |
+----------+-----------+----------+

* SW-to-HW Mapping
+----------+---------------+----------+-------------------------------------+
| Argument | HW Interface  | HW Type  | HW Info                             |
+----------+---------------+----------+-------------------------------------+
| x_in     | x_in          | port     |                                     |
| return   | s_axi_control | register | name=ap_return offset=0x10 range=32 |
+----------+---------------+----------+-------------------------------------+


================================================================
== Bind Op Report
================================================================
+-----------------------------------------------+-----+--------+-----------+-------+---------+---------+
| Name                                          | DSP | Pragma | Variable  | Op    | Impl    | Latency |
+-----------------------------------------------+-----+--------+-----------+-------+---------+---------+
| + fir_filter_sample                           | 5   |        |           |       |         |         |
|  + fir_filter_sample_Pipeline_VITIS_LOOP_16_1 | 0   |        |           |       |         |         |
|    icmp_ln16_fu_66_p2                         |     |        | icmp_ln16 | seteq | auto    | 0       |
|    add_ln17_fu_72_p2                          |     |        | add_ln17  | add   | fabric  | 0       |
|  + fir_filter_sample_Pipeline_VITIS_LOOP_21_2 | 5   |        |           |       |         |         |
|    icmp_ln21_fu_98_p2                         |     |        | icmp_ln21 | seteq | auto    | 0       |
|    add_ln21_fu_104_p2                         |     |        | add_ln21  | add   | fabric  | 0       |
|    fmul_32ns_32ns_32_3_max_dsp_1_U3           | 3   |        | mul       | fmul  | maxdsp  | 2       |
|    fadd_32ns_32ns_32_4_full_dsp_1_U2          | 2   |        | acc_1     | fadd  | fulldsp | 3       |
+-----------------------------------------------+-----+--------+-----------+-------+---------+---------+


================================================================
== Storage Report
================================================================
+-----------------------------------------------+-----------+-----------+------+------+--------+------------+------+---------+------------------+
| Name                                          | Usage     | Type      | BRAM | URAM | Pragma | Variable   | Impl | Latency | Bitwidth, Depth, |
|                                               |           |           |      |      |        |            |      |         | Banks            |
+-----------------------------------------------+-----------+-----------+------+------+--------+------------+------+---------+------------------+
| + fir_filter_sample                           |           |           | 3    | 0    |        |            |      |         |                  |
|   control_s_axi_U                             | interface | s_axilite |      |      |        |            |      |         |                  |
|   shift_reg_U                                 | ram_2p    |           | 2    |      |        | shift_reg  | auto | 1       | 32, 51, 1        |
|  + fir_filter_sample_Pipeline_VITIS_LOOP_21_2 |           |           | 1    | 0    |        |            |      |         |                  |
|    fir_coeffs_U                               | rom_1p    |           | 1    |      |        | fir_coeffs | auto | 1       | 32, 51, 1        |
+-----------------------------------------------+-----------+-----------+------+------+--------+------------+------+---------+------------------+


================================================================
== Pragma Report
================================================================
* Pragmas with Warnings
+-----------+-----------------------+------------------------------------+--------------------------------------------------------------------------------------------------------------------------------------------------------------------------------------------------------+
| Type      | Options               | Location                           | Messages                                                                                                                                                                                               |
+-----------+-----------------------+------------------------------------+--------------------------------------------------------------------------------------------------------------------------------------------------------------------------------------------------------+
| INTERFACE | mode=axis port=return | in fir_filter_sample (../fir.c:13) | Unable to apply INTERFACE pragma options on a pass by value struct member field. Consider changing the signature of the struct to a pass by reference or as a pointer. In function 'fir_filter_sample' |
+-----------+-----------------------+------------------------------------+--------------------------------------------------------------------------------------------------------------------------------------------------------------------------------------------------------+

* Inferred Pragmas
+----------+---------+--------------------------------------------------------------------------+-------------------------------+
| Type     | Options | Location                                                                 | Inferred From                 |
+----------+---------+--------------------------------------------------------------------------+-------------------------------+
| PIPELINE |         | loop VITIS_LOOP_16_1 (../fir.c:16:22) in fir_filter_sample (../fir.c:16) | syn.compile.pipeline_loops=64 |
| PIPELINE |         | loop VITIS_LOOP_21_2 (../fir.c:21:22) in fir_filter_sample (../fir.c:21) | syn.compile.pipeline_loops=64 |
+----------+---------+--------------------------------------------------------------------------+-------------------------------+

* Valid Pragma Syntax
+-----------+----------------------------+------------------------------------+
| Type      | Options                    | Location                           |
+-----------+----------------------------+------------------------------------+
| INTERFACE | mode=axis port=x_in        | in fir_filter_sample (../fir.c:12) |
| INTERFACE | mode=s_axilite port=return | in fir_filter_sample (../fir.c:14) |
+-----------+----------------------------+------------------------------------+


