

================================================================
== Synthesis Summary Report of 'conv2d_optimized'
================================================================
+ General Information: 
    * Date:           Tue Jun 30 13:07:42 2026
    * Version:        2025.2 (Build 6295257 on Nov 14 2025)
    * Project:        conv2d_optimized
    * Solution:       hls (Vivado IP Flow Target)
    * Product family: artix7
    * Target device:  xc7a25t-cpg238-1
    

* Performance & Resource Estimates: 
+------------------------------------------------+------+---------------+----------+---------+------+----------+---------+---------+------+--------+----------+-----------+------------+-----+
|                     Modules                    | Issue|               | Iteration|         | Trip |          |      Latency      |      |        |          |           |            |     |
|                     & Loops                    | Type | Violation Type|  Latency | Interval| Count| Pipelined| (cycles)|   (ns)  | Slack|  BRAM  |    DSP   |     FF    |     LUT    | URAM|
+------------------------------------------------+------+---------------+----------+---------+------+----------+---------+---------+------+--------+----------+-----------+------------+-----+
|+ conv2d_optimized                              |     -|              -|         -|        -|     -|        no|        -|        -|  1.27|  2 (2%)|  13 (16%)|  1834 (6%)|  1553 (10%)|    -|
| + conv2d_optimized_Pipeline_LOAD_KERNEL        |     -|              -|         -|        -|     -|       yes|       11|  110.000|  4.50|       -|         -|  155 (~0%)|    64 (~0%)|    -|
|  o LOAD_KERNEL                                 |     -|              -|         2|        1|     9|       yes|        9|   90.000|  9.50|       -|         -|          -|           -|    -|
| + conv2d_optimized_Pipeline_ROW_LOOP_COL_LOOP  |     -|              -|         -|        -|     -|       yes|        -|        -|  1.69|  2 (2%)|   9 (11%)|  1152 (3%)|    907 (6%)|    -|
|  o ROW_LOOP_COL_LOOP                           |     -|              -|        12|        1|     -|       yes|        -|        -|  9.50|       -|         -|          -|           -|    -|
+------------------------------------------------+------+---------------+----------+---------+------+----------+---------+---------+------+--------+----------+-----------+------------+-----+
    Name Prefix: '+' for module, 'o' for loop, '*' for dataflow


================================================================
== HW Interfaces
================================================================
* S_AXILITE Interfaces
+---------------+------------+---------------+--------+----------+
| Interface     | Data Width | Address Width | Offset | Register |
+---------------+------------+---------------+--------+----------+
| s_axi_control | 32         | 6             | 16     | 0        |
+---------------+------------+---------------+--------+----------+

* S_AXILITE Registers
+---------------+----------+--------+-------+--------+----------------------------------+----------------------------------------------------------------------+
| Interface     | Register | Offset | Width | Access | Description                      | Bit Fields                                                           |
+---------------+----------+--------+-------+--------+----------------------------------+----------------------------------------------------------------------+
| s_axi_control | CTRL     | 0x00   | 32    | RW     | Control signals                  | 0=AP_START 1=AP_DONE 2=AP_IDLE 3=AP_READY 7=AUTO_RESTART 9=INTERRUPT |
| s_axi_control | GIER     | 0x04   | 32    | RW     | Global Interrupt Enable Register | 0=Enable                                                             |
| s_axi_control | IP_IER   | 0x08   | 32    | RW     | IP Interrupt Enable Register     | 0=CHAN0_INT_EN 1=CHAN1_INT_EN                                        |
| s_axi_control | IP_ISR   | 0x0c   | 32    | RW     | IP Interrupt Status Register     | 0=CHAN0_INT_ST 1=CHAN1_INT_ST                                        |
| s_axi_control | rows     | 0x10   | 32    | W      | Data signal of rows              |                                                                      |
| s_axi_control | cols     | 0x18   | 32    | W      | Data signal of cols              |                                                                      |
+---------------+----------+--------+-------+--------+----------------------------------+----------------------------------------------------------------------+

* AXIS
+------------+-----------+---------------+-------+-------+-----+-------+-------+--------+-------+-------+--------+
| Interface  | Direction | Register Mode | TDATA | TDEST | TID | TKEEP | TLAST | TREADY | TSTRB | TUSER | TVALID |
+------------+-----------+---------------+-------+-------+-----+-------+-------+--------+-------+-------+--------+
| in_stream  | in        | both          | 32    | 1     | 1   | 4     | 1     | 1      | 4     | 1     | 1      |
| out_stream | out       | both          | 32    | 1     | 1   | 4     | 1     | 1      | 4     | 1     | 1      |
+------------+-----------+---------------+-------+-------+-----+-------+-------+--------+-------+-------+--------+

* TOP LEVEL CONTROL
+-----------+------------+-----------+
| Interface | Type       | Ports     |
+-----------+------------+-----------+
| ap_clk    | clock      | ap_clk    |
| ap_rst_n  | reset      | ap_rst_n  |
| interrupt | interrupt  | interrupt |
| ap_ctrl   | ap_ctrl_hs |           |
+-----------+------------+-----------+


================================================================
== SW I/O Information
================================================================
* Top Function Arguments
+------------+-----------+-----------------------------------------------------------------------------+
| Argument   | Direction | Datatype                                                                    |
+------------+-----------+-----------------------------------------------------------------------------+
| in_stream  | in        | stream<hls::axis<ap_int<32>, 1UL, 1UL, 1UL, (unsigned char)'8', false>, 0>& |
| out_stream | out       | stream<hls::axis<ap_int<32>, 1UL, 1UL, 1UL, (unsigned char)'8', false>, 0>& |
| rows       | in        | int                                                                         |
| cols       | in        | int                                                                         |
| kernel     | in        | ap_fixed<16, 4, (ap_q_mode)5, (ap_o_mode)3, 0>*                             |
+------------+-----------+-----------------------------------------------------------------------------+

* SW-to-HW Mapping
+------------+---------------+-----------+--------------------------------+
| Argument   | HW Interface  | HW Type   | HW Info                        |
+------------+---------------+-----------+--------------------------------+
| in_stream  | in_stream     | interface |                                |
| out_stream | out_stream    | interface |                                |
| rows       | s_axi_control | register  | name=rows offset=0x10 range=32 |
| cols       | s_axi_control | register  | name=cols offset=0x18 range=32 |
| kernel     | s_axi_control | memory    | name=kernel offset=32 range=32 |
+------------+---------------+-----------+--------------------------------+


================================================================
== Bind Op Report
================================================================
+------------------------------------------------+-----+--------+----------------+--------+-----------+---------+
| Name                                           | DSP | Pragma | Variable       | Op     | Impl      | Latency |
+------------------------------------------------+-----+--------+----------------+--------+-----------+---------+
| + conv2d_optimized                             | 13  |        |                |        |           |         |
|   add_ln196_fu_292_p2                          |     |        | add_ln196      | add    | fabric    | 0       |
|   add_ln197_fu_298_p2                          |     |        | add_ln197      | add    | fabric    | 0       |
|   empty_31_fu_220_p2                           |     |        | empty_31       | setgt  | auto      | 0       |
|   smax_fu_226_p3                               |     |        | smax           | select | auto_sel  | 0       |
|   empty_32_fu_234_p2                           |     |        | empty_32       | setgt  | auto      | 0       |
|   smax1_fu_240_p3                              |     |        | smax1          | select | auto_sel  | 0       |
|   mul_31ns_31ns_62_1_1_U50                     | 4   |        | mul_ln196      | mul    | auto      | 0       |
|  + conv2d_optimized_Pipeline_LOAD_KERNEL       | 0   |        |                |        |           |         |
|    icmp_ln86_fu_198_p2                         |     |        | icmp_ln86      | seteq  | auto      | 0       |
|    add_ln86_fu_204_p2                          |     |        | add_ln86       | add    | fabric    | 0       |
|  + conv2d_optimized_Pipeline_ROW_LOOP_COL_LOOP | 9   |        |                |        |           |         |
|    icmp_ln118_fu_431_p2                        |     |        | icmp_ln118     | setlt  | auto      | 0       |
|    icmp_ln115_fu_436_p2                        |     |        | icmp_ln115     | seteq  | auto      | 0       |
|    add_ln115_fu_441_p2                         |     |        | add_ln115      | add    | fabric    | 0       |
|    select_ln115_fu_450_p3                      |     |        | select_ln115   | select | auto_sel  | 0       |
|    add_ln115_1_fu_458_p2                       |     |        | add_ln115_1    | add    | fabric    | 0       |
|    select_ln115_1_fu_464_p3                    |     |        | select_ln115_1 | select | auto_sel  | 0       |
|    icmp_ln168_fu_490_p2                        |     |        | icmp_ln168     | setne  | auto      | 0       |
|    icmp_ln196_fu_496_p2                        |     |        | icmp_ln196     | seteq  | auto      | 0       |
|    addr_cmp41_fu_510_p2                        |     |        | addr_cmp41     | seteq  | auto      | 0       |
|    reuse_select42_fu_601_p3                    |     |        | reuse_select42 | select | auto_sel  | 0       |
|    addr_cmp_fu_519_p2                          |     |        | addr_cmp       | seteq  | auto      | 0       |
|    reuse_select_fu_611_p3                      |     |        | reuse_select   | select | auto_sel  | 0       |
|    icmp_ln168_1_fu_545_p2                      |     |        | icmp_ln168_1   | setne  | auto      | 0       |
|    and_ln168_fu_841_p2                         |     |        | and_ln168      | and    | auto      | 0       |
|    mul_16s_16s_28_1_1_U11                      | 1   |        | mul_ln180      | mul    | auto      | 0       |
|    mac_muladd_16s_16s_28s_28_4_1_U12           | 1   |        | mul_ln180_1    | mul    | dsp_slice | 3       |
|    mac_muladd_16s_16s_28s_28_4_1_U12           | 1   |        | add_ln180      | add    | dsp_slice | 3       |
|    mac_muladd_16s_16s_28s_28_4_1_U13           | 1   |        | mul_ln180_2    | mul    | dsp_slice | 3       |
|    mac_muladd_16s_16s_28s_28_4_1_U13           | 1   |        | add_ln180_1    | add    | dsp_slice | 3       |
|    mac_muladd_16s_16s_28s_28_4_1_U14           | 1   |        | mul_ln180_3    | mul    | dsp_slice | 3       |
|    mac_muladd_16s_16s_28s_28_4_1_U14           | 1   |        | add_ln180_2    | add    | dsp_slice | 3       |
|    mac_muladd_16s_16s_28s_28_4_1_U15           | 1   |        | mul_ln180_4    | mul    | dsp_slice | 3       |
|    mac_muladd_16s_16s_28s_28_4_1_U15           | 1   |        | add_ln180_3    | add    | dsp_slice | 3       |
|    mac_muladd_16s_16s_28s_28_4_1_U16           | 1   |        | mul_ln180_5    | mul    | dsp_slice | 3       |
|    mac_muladd_16s_16s_28s_28_4_1_U16           | 1   |        | add_ln180_4    | add    | dsp_slice | 3       |
|    mac_muladd_16s_16s_28s_28_4_1_U17           | 1   |        | mul_ln180_6    | mul    | dsp_slice | 3       |
|    mac_muladd_16s_16s_28s_28_4_1_U17           | 1   |        | add_ln180_5    | add    | dsp_slice | 3       |
|    mac_muladd_16s_16s_28s_28_4_1_U18           | 1   |        | mul_ln180_7    | mul    | dsp_slice | 3       |
|    mac_muladd_16s_16s_28s_28_4_1_U18           | 1   |        | add_ln180_6    | add    | dsp_slice | 3       |
|    mac_muladd_16s_16s_28s_28_4_1_U19           | 1   |        | mul_ln180_8    | mul    | dsp_slice | 3       |
|    mac_muladd_16s_16s_28s_28_4_1_U19           | 1   |        | add_ln180_7    | add    | dsp_slice | 3       |
|    acc_fu_854_p3                               |     |        | acc            | select | auto_sel  | 0       |
|    icmp_ln197_fu_551_p2                        |     |        | icmp_ln197     | seteq  | auto      | 0       |
|    and_ln196_fu_556_p2                         |     |        | and_ln196      | and    | auto      | 0       |
|    add_ln118_fu_562_p2                         |     |        | add_ln118      | add    | fabric    | 0       |
+------------------------------------------------+-----+--------+----------------+--------+-----------+---------+


================================================================
== Storage Report
================================================================
+----------------------------------------------------------------------------+-----------+-----------+------+------+--------+-----------------------------------------------------------------------+------+---------+------------------+
| Name                                                                       | Usage     | Type      | BRAM | URAM | Pragma | Variable                                                              | Impl | Latency | Bitwidth, Depth, |
|                                                                            |           |           |      |      |        |                                                                       |      |         | Banks            |
+----------------------------------------------------------------------------+-----------+-----------+------+------+--------+-----------------------------------------------------------------------+------+---------+------------------+
| + conv2d_optimized                                                         |           |           | 2    | 0    |        |                                                                       |      |         |                  |
|   control_s_axi_U                                                          | interface | s_axilite |      |      |        |                                                                       |      |         |                  |
|  + conv2d_optimized_Pipeline_ROW_LOOP_COL_LOOP                             |           |           | 2    | 0    |        |                                                                       |      |         |                  |
|    conv2d_optimized_stream_stream_int_int_ap_fixed_16_4_5_3_0_line_buf_1_U | ram_s2p   |           | 1    |      |        | conv2d_optimized_stream_stream_int_int_ap_fixed_16_4_5_3_0_line_buf_1 | auto | 1       | 16, 256, 1       |
|    conv2d_optimized_stream_stream_int_int_ap_fixed_16_4_5_3_0_line_buf_U   | ram_s2p   |           | 1    |      |        | conv2d_optimized_stream_stream_int_int_ap_fixed_16_4_5_3_0_line_buf   | auto | 1       | 16, 256, 1       |
+----------------------------------------------------------------------------+-----------+-----------+------+------+--------+-----------------------------------------------------------------------+------+---------+------------------+


================================================================
== Pragma Report
================================================================
* Inferred Pragmas
+--------------+---------+-----------------------------------------------------------------------------------------+----------------------------------+
| Type         | Options | Location                                                                                | Inferred From                    |
+--------------+---------+-----------------------------------------------------------------------------------------+----------------------------------+
| LOOP_FLATTEN |         | loop ROW_LOOP (../2DCONVstream.cpp:115:5) in conv2d_optimized (../2DCONVstream.cpp:115) | pipeline ../2DCONVstream.cpp:120 |
+--------------+---------+-----------------------------------------------------------------------------------------+----------------------------------+

* Valid Pragma Syntax
+-----------------+--------------------------------------+-----------------------------------------------+
| Type            | Options                              | Location                                      |
+-----------------+--------------------------------------+-----------------------------------------------+
| INTERFACE       | axis port=in_stream                  | in conv2d_optimized (../2DCONVstream.cpp:65)  |
| INTERFACE       | axis port=out_stream                 | in conv2d_optimized (../2DCONVstream.cpp:66)  |
| INTERFACE       | s_axilite port=rows                  | in conv2d_optimized (../2DCONVstream.cpp:68)  |
| INTERFACE       | s_axilite port=cols                  | in conv2d_optimized (../2DCONVstream.cpp:69)  |
| INTERFACE       | s_axilite port=kernel                | in conv2d_optimized (../2DCONVstream.cpp:70)  |
| INTERFACE       | s_axilite port=return                | in conv2d_optimized (../2DCONVstream.cpp:71)  |
| ARRAY_PARTITION | variable=local_kernel complete dim=1 | in conv2d_optimized (../2DCONVstream.cpp:79)  |
| PIPELINE        | ii=1                                 | in conv2d_optimized (../2DCONVstream.cpp:88)  |
| ARRAY_PARTITION | variable=line_buf complete dim=1     | in conv2d_optimized (../2DCONVstream.cpp:100) |
| ARRAY_PARTITION | variable=window complete dim=0       | in conv2d_optimized (../2DCONVstream.cpp:108) |
| PIPELINE        | ii=1                                 | in conv2d_optimized (../2DCONVstream.cpp:120) |
| UNROLL          |                                      | in conv2d_optimized (../2DCONVstream.cpp:137) |
| UNROLL          |                                      | in conv2d_optimized (../2DCONVstream.cpp:142) |
| UNROLL          |                                      | in conv2d_optimized (../2DCONVstream.cpp:173) |
| UNROLL          |                                      | in conv2d_optimized (../2DCONVstream.cpp:178) |
+-----------------+--------------------------------------+-----------------------------------------------+


