

================================================================
== Vitis HLS Report for 'conv2d_optimized_Pipeline_ROW_LOOP_COL_LOOP'
================================================================
* Date:           Tue Jun 30 13:07:40 2026

* Version:        2025.2 (Build 6295257 on Nov 14 2025)
* Project:        conv2d_optimized
* Solution:       hls (Vivado IP Flow Target)
* Product family: artix7
* Target device:  xc7a25t-cpg238-1


================================================================
== Performance Estimates
================================================================
+ Timing: 
    * Summary: 
    +--------+----------+----------+------------+
    |  Clock |  Target  | Estimated| Uncertainty|
    +--------+----------+----------+------------+
    |ap_clk  |  10.00 ns|  7.807 ns|     0.50 ns|
    +--------+----------+----------+------------+

+ Latency: 
    * Summary: 
    +---------+---------+----------+----------+-----+-----+-------------------+
    |  Latency (cycles) |  Latency (absolute) |  Interval |      Pipeline     |
    |   min   |   max   |    min   |    max   | min | max |        Type       |
    +---------+---------+----------+----------+-----+-----+-------------------+
    |        ?|        ?|         ?|         ?|    0|    0|  loop pipeline stp|
    +---------+---------+----------+----------+-----+-----+-------------------+

    + Detail: 
        * Instance: 
        N/A

        * Loop: 
        +---------------------+---------+---------+----------+-----------+-----------+------+----------+
        |                     |  Latency (cycles) | Iteration|  Initiation Interval  | Trip |          |
        |      Loop Name      |   min   |   max   |  Latency |  achieved |   target  | Count| Pipelined|
        +---------------------+---------+---------+----------+-----------+-----------+------+----------+
        |- ROW_LOOP_COL_LOOP  |        ?|        ?|        12|          1|          1|     ?|       yes|
        +---------------------+---------+---------+----------+-----------+-----------+------+----------+



================================================================
== Utilization Estimates
================================================================
* Summary: 
+-----------------+---------+----+-------+-------+-----+
|       Name      | BRAM_18K| DSP|   FF  |  LUT  | URAM|
+-----------------+---------+----+-------+-------+-----+
|DSP              |        -|   8|      -|      -|    -|
|Expression       |        -|   -|      0|    601|    -|
|FIFO             |        -|   -|      -|      -|    -|
|Instance         |        -|   1|      0|      6|    -|
|Memory           |        2|   -|      0|      0|    0|
|Multiplexer      |        -|   -|      0|    108|    -|
|Register         |        -|   -|   1152|    192|    -|
+-----------------+---------+----+-------+-------+-----+
|Total            |        2|   9|   1152|    907|    0|
+-----------------+---------+----+-------+-------+-----+
|Available        |       90|  80|  29200|  14600|    0|
+-----------------+---------+----+-------+-------+-----+
|Utilization (%)  |        2|  11|      3|      6|    0|
+-----------------+---------+----+-------+-------+-----+

+ Detail: 
    * Instance: 
    +------------------------+--------------------+---------+----+---+----+-----+
    |        Instance        |       Module       | BRAM_18K| DSP| FF| LUT| URAM|
    +------------------------+--------------------+---------+----+---+----+-----+
    |mul_16s_16s_28_1_1_U11  |mul_16s_16s_28_1_1  |        0|   1|  0|   6|    0|
    +------------------------+--------------------+---------+----+---+----+-----+
    |Total                   |                    |        0|   1|  0|   6|    0|
    +------------------------+--------------------+---------+----+---+----+-----+

    * DSP: 
    +-----------------------------------+-------------------------------+--------------+
    |              Instance             |             Module            |  Expression  |
    +-----------------------------------+-------------------------------+--------------+
    |mac_muladd_16s_16s_28s_28_4_1_U12  |mac_muladd_16s_16s_28s_28_4_1  |  i0 + i1 * i2|
    |mac_muladd_16s_16s_28s_28_4_1_U13  |mac_muladd_16s_16s_28s_28_4_1  |  i0 + i1 * i2|
    |mac_muladd_16s_16s_28s_28_4_1_U14  |mac_muladd_16s_16s_28s_28_4_1  |  i0 + i1 * i2|
    |mac_muladd_16s_16s_28s_28_4_1_U15  |mac_muladd_16s_16s_28s_28_4_1  |  i0 + i1 * i2|
    |mac_muladd_16s_16s_28s_28_4_1_U16  |mac_muladd_16s_16s_28s_28_4_1  |  i0 + i1 * i2|
    |mac_muladd_16s_16s_28s_28_4_1_U17  |mac_muladd_16s_16s_28s_28_4_1  |  i0 + i1 * i2|
    |mac_muladd_16s_16s_28s_28_4_1_U18  |mac_muladd_16s_16s_28s_28_4_1  |  i0 + i1 * i2|
    |mac_muladd_16s_16s_28s_28_4_1_U19  |mac_muladd_16s_16s_28s_28_4_1  |  i0 + i1 * i2|
    +-----------------------------------+-------------------------------+--------------+

    * Memory: 
    +-------------------------------------------------------------------------+----------------------------------------------------------------------------------+---------+---+----+-----+------+-----+------+-------------+
    |                                  Memory                                 |                                      Module                                      | BRAM_18K| FF| LUT| URAM| Words| Bits| Banks| W*Bits*Banks|
    +-------------------------------------------------------------------------+----------------------------------------------------------------------------------+---------+---+----+-----+------+-----+------+-------------+
    |conv2d_optimized_stream_stream_int_int_ap_fixed_16_4_5_3_0_line_buf_1_U  |conv2d_optimized_Pipeline_ROW_LOOP_COL_LOOP_conv2d_optimized_stream_stream_inbkb  |        1|  0|   0|    0|   256|   16|     1|         4096|
    |conv2d_optimized_stream_stream_int_int_ap_fixed_16_4_5_3_0_line_buf_U    |conv2d_optimized_Pipeline_ROW_LOOP_COL_LOOP_conv2d_optimized_stream_stream_inbkb  |        1|  0|   0|    0|   256|   16|     1|         4096|
    +-------------------------------------------------------------------------+----------------------------------------------------------------------------------+---------+---+----+-----+------+-----+------+-------------+
    |Total                                                                    |                                                                                  |        2|  0|   0|    0|   512|   32|     2|         8192|
    +-------------------------------------------------------------------------+----------------------------------------------------------------------------------+---------+---+----+-----+------+-----+------+-------------+

    * FIFO: 
    N/A

    * Expression: 
    +----------------------------------+----------+----+---+----+------------+------------+
    |           Variable Name          | Operation| DSP| FF| LUT| Bitwidth P0| Bitwidth P1|
    +----------------------------------+----------+----+---+----+------------+------------+
    |add_ln115_1_fu_458_p2             |         +|   0|  0|  38|          31|           1|
    |add_ln115_fu_441_p2               |         +|   0|  0|  69|          62|           1|
    |add_ln118_fu_562_p2               |         +|   0|  0|  16|           9|           1|
    |and_ln168_fu_841_p2               |       and|   0|  0|   2|           1|           1|
    |and_ln196_fu_556_p2               |       and|   0|  0|   2|           1|           1|
    |ap_block_state3_pp0_stage0_iter2  |       and|   0|  0|   2|           1|           1|
    |addr_cmp41_fu_510_p2              |      icmp|   0|  0|  71|          64|          64|
    |addr_cmp_fu_519_p2                |      icmp|   0|  0|  71|          64|          64|
    |icmp_ln115_fu_436_p2              |      icmp|   0|  0|  69|          62|          62|
    |icmp_ln118_fu_431_p2              |      icmp|   0|  0|  39|          32|          32|
    |icmp_ln168_1_fu_545_p2            |      icmp|   0|  0|  15|           8|           1|
    |icmp_ln168_fu_490_p2              |      icmp|   0|  0|  37|          30|           1|
    |icmp_ln196_fu_496_p2              |      icmp|   0|  0|  39|          32|          32|
    |icmp_ln197_fu_551_p2              |      icmp|   0|  0|  39|          32|          32|
    |ap_block_pp0_stage0_01001         |        or|   0|  0|   2|           1|           1|
    |acc_fu_854_p3                     |    select|   0|  0|  16|           1|          16|
    |reuse_select42_fu_601_p3          |    select|   0|  0|  16|           1|          16|
    |reuse_select_fu_611_p3            |    select|   0|  0|  16|           1|          16|
    |select_ln115_1_fu_464_p3          |    select|   0|  0|  31|           1|          31|
    |select_ln115_fu_450_p3            |    select|   0|  0|   9|           1|           9|
    |ap_enable_pp0                     |       xor|   0|  0|   2|           1|           2|
    +----------------------------------+----------+----+---+----+------------+------------+
    |Total                             |          |   0|  0| 601|         436|         385|
    +----------------------------------+----------+----+---+----+------------+------------+

    * Multiplexer: 
    +-------------------------+----+-----------+-----+-----------+
    |           Name          | LUT| Input Size| Bits| Total Bits|
    +-------------------------+----+-----------+-----+-----------+
    |ap_done_int              |   9|          2|    1|          2|
    |ap_enable_reg_pp0_iter1  |   9|          2|    1|          2|
    |ap_enable_reg_pp0_iter8  |   9|          2|    1|          2|
    |i_fu_170                 |   9|          2|   31|         62|
    |in_stream_TDATA_blk_n    |   9|          2|    1|          2|
    |indvar_flatten_fu_174    |   9|          2|   62|        124|
    |j_fu_166                 |   9|          2|    9|         18|
    |out_stream_TDATA_blk_n   |   9|          2|    1|          2|
    |reuse_addr_reg38_fu_138  |   9|          2|   64|        128|
    |reuse_addr_reg_fu_146    |   9|          2|   64|        128|
    |reuse_reg37_fu_142       |   9|          2|   16|         32|
    |reuse_reg_fu_150         |   9|          2|   16|         32|
    +-------------------------+----+-----------+-----+-----------+
    |Total                    | 108|         24|  267|        534|
    +-------------------------+----+-----------+-----+-----------+

    * Register: 
    +-------------------------------------------------------------------------------------+----+----+-----+-----------+
    |                                         Name                                        | FF | LUT| Bits| Const Bits|
    +-------------------------------------------------------------------------------------+----+----+-----+-----------+
    |addr_cmp41_reg_1096                                                                  |   1|   0|    1|          0|
    |addr_cmp_reg_1107                                                                    |   1|   0|    1|          0|
    |and_ln196_reg_1117                                                                   |   1|   0|    1|          0|
    |ap_CS_fsm                                                                            |   1|   0|    1|          0|
    |ap_done_reg                                                                          |   1|   0|    1|          0|
    |ap_enable_reg_pp0_iter1                                                              |   1|   0|    1|          0|
    |ap_enable_reg_pp0_iter10                                                             |   1|   0|    1|          0|
    |ap_enable_reg_pp0_iter11                                                             |   1|   0|    1|          0|
    |ap_enable_reg_pp0_iter12                                                             |   1|   0|    1|          0|
    |ap_enable_reg_pp0_iter2                                                              |   1|   0|    1|          0|
    |ap_enable_reg_pp0_iter3                                                              |   1|   0|    1|          0|
    |ap_enable_reg_pp0_iter4                                                              |   1|   0|    1|          0|
    |ap_enable_reg_pp0_iter5                                                              |   1|   0|    1|          0|
    |ap_enable_reg_pp0_iter6                                                              |   1|   0|    1|          0|
    |ap_enable_reg_pp0_iter7                                                              |   1|   0|    1|          0|
    |ap_enable_reg_pp0_iter8                                                              |   1|   0|    1|          0|
    |ap_enable_reg_pp0_iter9                                                              |   1|   0|    1|          0|
    |ap_loop_exit_ready_pp0_iter10_reg                                                    |   1|   0|    1|          0|
    |ap_loop_exit_ready_pp0_iter11_reg                                                    |   1|   0|    1|          0|
    |ap_loop_exit_ready_pp0_iter2_reg                                                     |   1|   0|    1|          0|
    |ap_loop_exit_ready_pp0_iter3_reg                                                     |   1|   0|    1|          0|
    |ap_loop_exit_ready_pp0_iter4_reg                                                     |   1|   0|    1|          0|
    |ap_loop_exit_ready_pp0_iter5_reg                                                     |   1|   0|    1|          0|
    |ap_loop_exit_ready_pp0_iter6_reg                                                     |   1|   0|    1|          0|
    |ap_loop_exit_ready_pp0_iter7_reg                                                     |   1|   0|    1|          0|
    |ap_loop_exit_ready_pp0_iter8_reg                                                     |   1|   0|    1|          0|
    |ap_loop_exit_ready_pp0_iter9_reg                                                     |   1|   0|    1|          0|
    |conv2d_optimized_stream_stream_int_int_ap_fixed_16_4_5_3_0_line_buf_1_addr_reg_1090  |   8|   0|    8|          0|
    |conv2d_optimized_stream_stream_int_int_ap_fixed_16_4_5_3_0_line_buf_addr_reg_1101    |   8|   0|    8|          0|
    |i_fu_170                                                                             |  31|   0|   31|          0|
    |icmp_ln115_reg_1081                                                                  |   1|   0|    1|          0|
    |icmp_ln168_1_reg_1112                                                                |   1|   0|    1|          0|
    |icmp_ln168_reg_1085                                                                  |   1|   0|    1|          0|
    |indvar_flatten_fu_174                                                                |  62|   0|   62|          0|
    |j_fu_166                                                                             |   9|   0|    9|          0|
    |p_0_0_095_11590_fu_154                                                               |  16|   0|   16|          0|
    |p_0_0_095_11591_fu_178                                                               |  16|   0|   16|          0|
    |p_0_0_095_1_192_fu_158                                                               |  16|   0|   16|          0|
    |p_0_0_095_1_193_fu_182                                                               |  16|   0|   16|          0|
    |p_0_0_095_1_193_load_reg_1154                                                        |  16|   0|   16|          0|
    |p_0_0_095_2_194_fu_162                                                               |  16|   0|   16|          0|
    |p_0_0_095_2_195_fu_186                                                               |  16|   0|   16|          0|
    |p_0_0_095_2_195_load_reg_1189                                                        |  16|   0|   16|          0|
    |reuse_addr_reg38_fu_138                                                              |  64|   0|   64|          0|
    |reuse_addr_reg_fu_146                                                                |  64|   0|   64|          0|
    |reuse_reg37_fu_142                                                                   |  16|   0|   16|          0|
    |reuse_reg_fu_150                                                                     |  16|   0|   16|          0|
    |reuse_select42_reg_1128                                                              |  16|   0|   16|          0|
    |reuse_select_reg_1133                                                                |  16|   0|   16|          0|
    |sext_ln180_1_cast_reg_1071                                                           |  28|   0|   28|          0|
    |sext_ln180_2_cast_reg_1066                                                           |  28|   0|   28|          0|
    |sext_ln180_3_cast_reg_1061                                                           |  28|   0|   28|          0|
    |sext_ln180_4_cast_reg_1056                                                           |  28|   0|   28|          0|
    |sext_ln180_5_cast_reg_1051                                                           |  28|   0|   28|          0|
    |sext_ln180_6_cast_reg_1046                                                           |  28|   0|   28|          0|
    |sext_ln180_7_cast_reg_1041                                                           |  28|   0|   28|          0|
    |sext_ln180_8_cast_reg_1036                                                           |  28|   0|   28|          0|
    |sext_ln180_cast_reg_1076                                                             |  28|   0|   28|          0|
    |tmp_reg_1144                                                                         |  16|   0|   16|          0|
    |tmp_reg_1144_pp0_iter3_reg                                                           |  16|   0|   16|          0|
    |val_reg_1122                                                                         |  16|   0|   16|          0|
    |and_ln196_reg_1117                                                                   |  64|  32|    1|          0|
    |icmp_ln115_reg_1081                                                                  |  64|  32|    1|          0|
    |icmp_ln168_1_reg_1112                                                                |  64|  32|    1|          0|
    |icmp_ln168_reg_1085                                                                  |  64|  32|    1|          0|
    |reuse_select_reg_1133                                                                |  64|  32|   16|          0|
    |val_reg_1122                                                                         |  64|  32|   16|          0|
    +-------------------------------------------------------------------------------------+----+----+-----+-----------+
    |Total                                                                                |1152| 192|  804|          0|
    +-------------------------------------------------------------------------------------+----+----+-----+-----------+



================================================================
== Interface
================================================================
* Summary: 
+-------------------+-----+-----+------------+---------------------------------------------+--------------+
|     RTL Ports     | Dir | Bits|  Protocol  |                Source Object                |    C Type    |
+-------------------+-----+-----+------------+---------------------------------------------+--------------+
|ap_clk             |   in|    1|  ap_ctrl_hs|  conv2d_optimized_Pipeline_ROW_LOOP_COL_LOOP|  return value|
|ap_rst             |   in|    1|  ap_ctrl_hs|  conv2d_optimized_Pipeline_ROW_LOOP_COL_LOOP|  return value|
|ap_start           |   in|    1|  ap_ctrl_hs|  conv2d_optimized_Pipeline_ROW_LOOP_COL_LOOP|  return value|
|ap_done            |  out|    1|  ap_ctrl_hs|  conv2d_optimized_Pipeline_ROW_LOOP_COL_LOOP|  return value|
|ap_idle            |  out|    1|  ap_ctrl_hs|  conv2d_optimized_Pipeline_ROW_LOOP_COL_LOOP|  return value|
|ap_ready           |  out|    1|  ap_ctrl_hs|  conv2d_optimized_Pipeline_ROW_LOOP_COL_LOOP|  return value|
|in_stream_TVALID   |   in|    1|        axis|                           in_stream_V_data_V|       pointer|
|in_stream_TDATA    |   in|   32|        axis|                           in_stream_V_data_V|       pointer|
|out_stream_TREADY  |   in|    1|        axis|                          out_stream_V_data_V|       pointer|
|out_stream_TDATA   |  out|   32|        axis|                          out_stream_V_data_V|       pointer|
|cols               |   in|   32|     ap_none|                                         cols|        scalar|
|mul_ln196          |   in|   62|     ap_none|                                    mul_ln196|        scalar|
|add_ln196          |   in|   32|     ap_none|                                    add_ln196|        scalar|
|in_stream_TREADY   |  out|    1|        axis|                           in_stream_V_dest_V|       pointer|
|in_stream_TDEST    |   in|    1|        axis|                           in_stream_V_dest_V|       pointer|
|in_stream_TKEEP    |   in|    4|        axis|                           in_stream_V_keep_V|       pointer|
|in_stream_TSTRB    |   in|    4|        axis|                           in_stream_V_strb_V|       pointer|
|in_stream_TUSER    |   in|    1|        axis|                           in_stream_V_user_V|       pointer|
|in_stream_TLAST    |   in|    1|        axis|                           in_stream_V_last_V|       pointer|
|in_stream_TID      |   in|    1|        axis|                             in_stream_V_id_V|       pointer|
|sext_ln180         |   in|   16|     ap_none|                                   sext_ln180|        scalar|
|sext_ln180_1       |   in|   16|     ap_none|                                 sext_ln180_1|        scalar|
|sext_ln180_2       |   in|   16|     ap_none|                                 sext_ln180_2|        scalar|
|sext_ln180_3       |   in|   16|     ap_none|                                 sext_ln180_3|        scalar|
|sext_ln180_4       |   in|   16|     ap_none|                                 sext_ln180_4|        scalar|
|sext_ln180_5       |   in|   16|     ap_none|                                 sext_ln180_5|        scalar|
|sext_ln180_6       |   in|   16|     ap_none|                                 sext_ln180_6|        scalar|
|sext_ln180_7       |   in|   16|     ap_none|                                 sext_ln180_7|        scalar|
|sext_ln180_8       |   in|   16|     ap_none|                                 sext_ln180_8|        scalar|
|add_ln197          |   in|   32|     ap_none|                                    add_ln197|        scalar|
|out_stream_TVALID  |  out|    1|        axis|                          out_stream_V_dest_V|       pointer|
|out_stream_TDEST   |  out|    1|        axis|                          out_stream_V_dest_V|       pointer|
|out_stream_TKEEP   |  out|    4|        axis|                          out_stream_V_keep_V|       pointer|
|out_stream_TSTRB   |  out|    4|        axis|                          out_stream_V_strb_V|       pointer|
|out_stream_TUSER   |  out|    1|        axis|                          out_stream_V_user_V|       pointer|
|out_stream_TLAST   |  out|    1|        axis|                          out_stream_V_last_V|       pointer|
|out_stream_TID     |  out|    1|        axis|                            out_stream_V_id_V|       pointer|
+-------------------+-----+-----+------------+---------------------------------------------+--------------+

