#! /c/Source/iverilog-install/bin/vvp
:ivl_version "12.0 (devel)" "(s20150603-1110-g18392a46)";
:ivl_delay_selection "TYPICAL";
:vpi_time_precision - 12;
:vpi_module "C:\iverilog\lib\ivl\system.vpi";
:vpi_module "C:\iverilog\lib\ivl\vhdl_sys.vpi";
:vpi_module "C:\iverilog\lib\ivl\vhdl_textio.vpi";
:vpi_module "C:\iverilog\lib\ivl\v2005_math.vpi";
:vpi_module "C:\iverilog\lib\ivl\va_math.vpi";
:vpi_module "C:\iverilog\lib\ivl\v2009.vpi";
S_0000027ccc0d6180 .scope package, "$unit" "$unit" 2 1;
 .timescale 0 0;
S_0000027ccc0d6310 .scope module, "extend_and_negate_tb" "extend_and_negate_tb" 3 3;
 .timescale -9 -12;
v0000027ccc0d3da0_0 .var "in", 3 0;
v0000027ccc0d3e40_0 .net "out", 7 0, L_0000027ccc0d4160;  1 drivers
v0000027ccc0d3ee0_0 .var "test_passed", 0 0;
S_0000027ccc0d64a0 .scope module, "dut" "extend_and_negate" 3 8, 4 2 0, S_0000027ccc0d6310;
 .timescale -9 -12;
    .port_info 0 /INPUT 4 "in";
    .port_info 1 /OUTPUT 8 "out";
v0000027ccc0a33c0_0 .net *"_ivl_1", 0 0, L_0000027ccc0d3f80;  1 drivers
v0000027ccc0a2f80_0 .net *"_ivl_2", 3 0, L_0000027ccc0d4020;  1 drivers
L_0000027ccc129028 .functor BUFT 1, C4<00000000>, C4<0>, C4<0>, C4<0>;
v0000027ccbf08250_0 .net *"_ivl_6", 7 0, L_0000027ccc129028;  1 drivers
v0000027ccbf0ae70_0 .net "extended", 7 0, L_0000027ccc0d40c0;  1 drivers
v0000027ccbf0af10_0 .net "in", 3 0, v0000027ccc0d3da0_0;  1 drivers
v0000027ccc0d3d00_0 .net "out", 7 0, L_0000027ccc0d4160;  alias, 1 drivers
L_0000027ccc0d3f80 .part v0000027ccc0d3da0_0, 3, 1;
L_0000027ccc0d4020 .concat [ 1 1 1 1], L_0000027ccc0d3f80, L_0000027ccc0d3f80, L_0000027ccc0d3f80, L_0000027ccc0d3f80;
L_0000027ccc0d40c0 .concat [ 4 4 0 0], v0000027ccc0d3da0_0, L_0000027ccc0d4020;
L_0000027ccc0d4160 .arith/sub 8, L_0000027ccc129028, L_0000027ccc0d40c0;
    .scope S_0000027ccc0d6310;
T_0 ;
    %pushi/vec4 1, 0, 1;
    %store/vec4 v0000027ccc0d3ee0_0, 0, 1;
    %pushi/vec4 5, 0, 4;
    %store/vec4 v0000027ccc0d3da0_0, 0, 4;
    %delay 10000, 0;
    %load/vec4 v0000027ccc0d3e40_0;
    %cmpi/ne 251, 0, 8;
    %jmp/0xz  T_0.0, 6;
    %vpi_call/w 3 20 "$display", "Test failed for input +5 (0101): Expected -5 (11111011), Got %b", v0000027ccc0d3e40_0 {0 0 0};
    %pushi/vec4 0, 0, 1;
    %store/vec4 v0000027ccc0d3ee0_0, 0, 1;
T_0.0 ;
    %pushi/vec4 11, 0, 4;
    %store/vec4 v0000027ccc0d3da0_0, 0, 4;
    %delay 10000, 0;
    %load/vec4 v0000027ccc0d3e40_0;
    %cmpi/ne 5, 0, 8;
    %jmp/0xz  T_0.2, 6;
    %vpi_call/w 3 28 "$display", "Test failed for input -5 (1011): Expected +5 (00000101), Got %b", v0000027ccc0d3e40_0 {0 0 0};
    %pushi/vec4 0, 0, 1;
    %store/vec4 v0000027ccc0d3ee0_0, 0, 1;
T_0.2 ;
    %pushi/vec4 0, 0, 4;
    %store/vec4 v0000027ccc0d3da0_0, 0, 4;
    %delay 10000, 0;
    %load/vec4 v0000027ccc0d3e40_0;
    %cmpi/ne 0, 0, 8;
    %jmp/0xz  T_0.4, 6;
    %vpi_call/w 3 36 "$display", "Test failed for input 0 (0000): Expected 0 (00000000), Got %b", v0000027ccc0d3e40_0 {0 0 0};
    %pushi/vec4 0, 0, 1;
    %store/vec4 v0000027ccc0d3ee0_0, 0, 1;
T_0.4 ;
    %pushi/vec4 8, 0, 4;
    %store/vec4 v0000027ccc0d3da0_0, 0, 4;
    %delay 10000, 0;
    %load/vec4 v0000027ccc0d3e40_0;
    %cmpi/ne 8, 0, 8;
    %jmp/0xz  T_0.6, 6;
    %vpi_call/w 3 44 "$display", "Test failed for input -8 (1000): Expected +8 (00001000), Got %b", v0000027ccc0d3e40_0 {0 0 0};
    %pushi/vec4 0, 0, 1;
    %store/vec4 v0000027ccc0d3ee0_0, 0, 1;
T_0.6 ;
    %pushi/vec4 7, 0, 4;
    %store/vec4 v0000027ccc0d3da0_0, 0, 4;
    %delay 10000, 0;
    %load/vec4 v0000027ccc0d3e40_0;
    %cmpi/ne 249, 0, 8;
    %jmp/0xz  T_0.8, 6;
    %vpi_call/w 3 52 "$display", "Test failed for input +7 (0111): Expected -7 (11111001), Got %b", v0000027ccc0d3e40_0 {0 0 0};
    %pushi/vec4 0, 0, 1;
    %store/vec4 v0000027ccc0d3ee0_0, 0, 1;
T_0.8 ;
    %pushi/vec4 15, 0, 4;
    %store/vec4 v0000027ccc0d3da0_0, 0, 4;
    %delay 10000, 0;
    %load/vec4 v0000027ccc0d3e40_0;
    %cmpi/ne 1, 0, 8;
    %jmp/0xz  T_0.10, 6;
    %vpi_call/w 3 60 "$display", "Test failed for input -1 (1111): Expected +1 (00000001), Got %b", v0000027ccc0d3e40_0 {0 0 0};
    %pushi/vec4 0, 0, 1;
    %store/vec4 v0000027ccc0d3ee0_0, 0, 1;
T_0.10 ;
    %load/vec4 v0000027ccc0d3ee0_0;
    %flag_set/vec4 8;
    %jmp/0xz  T_0.12, 8;
    %vpi_call/w 3 65 "$display", "PASS" {0 0 0};
T_0.12 ;
    %vpi_call/w 3 67 "$finish" {0 0 0};
    %end;
    .thread T_0;
# The file index is used to find the file name in the following table.
:file_names 5;
    "N/A";
    "<interactive>";
    "-";
    "extend_and_negate_tb.sv";
    "extend_and_negate.sv";
